// Jest Snapshot v1, https://goo.gl/fbAQLP

exports[`Renders Filter Options 1`] = `
<div
  className="select"
>
  <select
    className="input"
    id="filter"
    name="filter"
    onChange={[Function]}
  >
    <option
      value="All"
    >
      All
    </option>
    <option
      value="Adventure"
    >
      Adventure
    </option>
    <option
      value="Fantasy"
    >
      Fantasy
    </option>
    <option
      value="Animation"
    >
      Animation
    </option>
    <option
      value="Drama"
    >
      Drama
    </option>
    <option
      value="Horror"
    >
      Horror
    </option>
    <option
      value="Action"
    >
      Action
    </option>
    <option
      value="Comedy"
    >
      Comedy
    </option>
    <option
      value="History"
    >
      History
    </option>
    <option
      value="Western"
    >
      Western
    </option>
    <option
      value="Thriller"
    >
      Thriller
    </option>
    <option
      value="Crime"
    >
      Crime
    </option>
    <option
      value="Documentary"
    >
      Documentary
    </option>
    <option
      value="Science Fiction"
    >
      Science Fiction
    </option>
    <option
      value="Mystery"
    >
      Mystery
    </option>
    <option
      value="Music"
    >
      Music
    </option>
    <option
      value="Romance"
    >
      Romance
    </option>
    <option
      value="Family"
    >
      Family
    </option>
    <option
      value="War"
    >
      War
    </option>
    <option
      value="TV Movie"
    >
      TV Movie
    </option>
  </select>
</div>
`;
